// Jest Snapshot v1, https://goo.gl/fbAQLP

exports[`Test in CounterApp.js Show year app 1`] = `
<Fragment>
  <h1>
    CounterApp - 
    2021
  </h1>
  <h2>
     
    0
     
  </h2>
  <button
    onClick={[Function]}
  >
    +1
  </button>
  <button
    onClick={[Function]}
  >
    Reset
  </button>
  <button
    onClick={[Function]}
  >
    -1
  </button>
</Fragment>
`;
